#-----------------------------------------------------------
# Vivado v2017.4 (64-bit)
# SW Build 2086221 on Fri Dec 15 20:55:39 MST 2017
# IP Build 2085800 on Fri Dec 15 22:25:07 MST 2017
# Start of session at: Fri Dec 17 20:09:03 2021
# Process ID: 19048
# Current directory: D:/SUSTC-Project-2021F/CS207/src
# Command line: vivado.exe -gui_launcher_event rodinguilauncherevent12912 D:\SUSTC-Project-2021F\CS207\src\src.xpr
# Log file: D:/SUSTC-Project-2021F/CS207/src/vivado.log
# Journal file: D:/SUSTC-Project-2021F/CS207/src\vivado.jou
#-----------------------------------------------------------
start_gui
open_project D:/SUSTC-Project-2021F/CS207/src/src.xpr
update_compile_order -fileset sources_1
add_files -norecurse D:/Xilinx_workspace/Flowing_light/Flowing_light.srcs/sources_1/new/display_top.v
update_compile_order -fileset sources_1
add_files -norecurse D:/Xilinx_workspace/Flowing_light/Flowing_light.srcs/sources_1/new/flowinglight.v
update_compile_order -fileset sources_1
add_files -norecurse D:/Xilinx_workspace/Flowing_light/Flowing_light.srcs/sources_1/new/flowinglight_vip.v
update_compile_order -fileset sources_1
add_files -norecurse D:/Xilinx_workspace/Flowing_light/Flowing_light.srcs/sources_1/new/static_light.v
update_compile_order -fileset sources_1
add_files -fileset constrs_1 -norecurse D:/Xilinx_workspace/Flowing_light/Flowing_light.srcs/constrs_1/new/flowinglight.xdc
